xrun(64): 23.03-s002: (c) Copyright 1995-2023 Cadence Design Systems, Inc.
TOOL:	xrun(64)	23.03-s002: Started on Apr 02, 2025 at 12:08:09 CEST
xrun
	+sv
	-64bit
	-f files_verilog.f
		../Verilog/RTL/alu.v
		../Verilog/RTL/alu_control.v
		../Verilog/RTL/branch_unit.v
		../Verilog/RTL/control_unit.v
		../Verilog/RTL/cpu.v
		../Verilog/RTL/immediate_extend_unit.v
		../Verilog/RTL/mux_2.v
		../Verilog/RTL/pc.v
		../Verilog/RTL/register_file.v
		../Verilog/RTL/reg_arstn.v
		../Verilog/RTL/reg_arstn_en.v
		../Verilog/RTL/sram.v
		../Verilog/cpu_tb.v
		../Verilog/sky130_sram_2rw.v
	-top cpu_tb
	-timescale 1ns/10ps
	-access +rwc
	-allowredefinition
	-linedebug
	-gui
xrun: *W,BADPRF: The -linedebug option may have an adverse performance impact.
Recompiling... reason: unable to stat '/./users/students/r1016447/Linux/Computer Architecture/Design Files/CA_Exercise_2025/CA_Exercises/Verilog/RTL/immediate_extend_unit.v'.
	Elaborating the design hierarchy:
		Caching library 'worklib' ....... Done
	Top level design units:
		cpu_tb
    .branch_pc (32'd0),
                 |
xmelab: *W,CUVMPW (../Verilog/RTL/cpu.v,43|17): port sizes differ in port connection(32/64) for the instance(cpu_tb.dut) .
    .jump_pc   (32'd0),
                 |
xmelab: *W,CUVMPW (../Verilog/RTL/cpu.v,44|17): port sizes differ in port connection(32/64) for the instance(cpu_tb.dut) .
    .din    ({
             |
xmelab: *W,CUVMPW (../Verilog/RTL/cpu.v,152|13): port sizes differ in port connection(298/297) for the instance(cpu_tb.dut) .
    .din    ({pc_ID_EX, alu_out, regfile_rdata_2_ID_EX, instruction_ID_EX,
             |
xmelab: *W,CUVMPW (../Verilog/RTL/cpu.v,240|13): port sizes differ in port connection(230/250) for the instance(cpu_tb.dut) .
	Building instance overlay tables: .................... Done
	Building instance specific data structures.
	Loading native compiled code:     .................... Done
	Design hierarchy summary:
		                  Instances  Unique
		Modules:                 21      14
		Registers:              109      98
		Scalar wires:            51       -
		Vectored wires:          69       -
		Always blocks:           46      35
		Initial blocks:           3       3
		Cont. assignments:       39      35
		Pseudo assignments:      50       -
		Simulation timescale:  10ps
	Writing initial simulation snapshot: worklib.cpu_tb:v
xmsim: *W,NOMTDGUI: Multi-Threaded Dumping is disabled for interactive debug mode.

-------------------------------------
Relinquished control to SimVision...
xcelium> 
xcelium> source /esat/micas-data/software/Cadence/xcelium_23.03/tools/xcelium/files/xmsimrc
xcelium> run

Start Execution

[1;31m
Error in Mult2 function
[0m
Debug info, reg_array[          0]: 0000000000000000
Debug info, reg_array[          1]: 0000000000000000
Debug info, reg_array[          2]: 0000000000000000
Debug info, reg_array[          3]: 0000000000000000
Debug info, reg_array[          4]: 0000000000000000
Debug info, reg_array[          5]: 0000000000000000
Debug info, reg_array[          6]: 0000000000000000
Debug info, reg_array[          7]: 0000000000000000
Debug info, reg_array[          8]: 0000000000000000
Debug info, reg_array[          9]: 0000000000000000
Debug info, reg_array[         10]: 0000000000000000
Debug info, reg_array[         11]: 0000000000000000
Debug info, reg_array[         12]: 0000000000000000
Debug info, reg_array[         13]: 0000000000000000
Debug info, reg_array[         14]: 0000000000000000
Debug info, reg_array[         15]: 0000000000000000
Debug info, reg_array[         16]: 0000000000000000
Debug info, reg_array[         17]: 0000000000000000
Debug info, reg_array[         18]: 0000000000000000
Debug info, reg_array[         19]: 0000000000000000
Debug info, reg_array[         20]: 0000000000000000
Debug info, reg_array[         21]: 0000000000000000
Debug info, reg_array[         22]: 0000000000000000
Debug info, reg_array[         23]: 0000000000000000
Debug info, reg_array[         24]: 0000000000000000
Debug info, reg_array[         25]: 0000000000000000
Debug info, reg_array[         26]: 0000000000000000
Debug info, reg_array[         27]: 0000000000000000
Debug info, reg_array[         28]: 0000000000000000
Debug info, reg_array[         29]: 0000000000000000
Debug info, reg_array[         30]: 0000000000000000
Debug info, reg_array[         31]: 0000000000000000
         40 cycles
Simulation complete via $finish(1) at time 32450 NS + 8
/users/students/r1016447/Linux/Computer Architecture/Design Files/CA_Exercise_2025/CA_Exercises/Verilog/cpu_tb.v:341 
xcelium> ^C
xcelium> exit
TOOL:	xrun(64)	23.03-s002: Exiting on Apr 02, 2025 at 12:08:52 CEST  (total: 00:00:43)
